<div class="shadcn-card rounded-xl border bg-card border-card-border text-card-foreground shadow-sm" data-testid="card-stats-активные-аукционы"><div class="p-6"><div class="flex items-start justify-between"><div class="space-y-2 flex-1"><p class="text-sm text-muted-foreground font-medium">Активные аукционы</p><p class="text-3xl font-bold font-mono text-foreground" data-testid="text-stats-value">8</p><p class="text-xs text-muted-foreground">в работе</p></div><div class="p-3 rounded-md bg-primary/10"><svg xmlns="http://www.w3.org/2000/svg" width="24" height="24" viewBox="0 0 24 24" fill="none" stroke="currentColor" stroke-width="2" stroke-linecap="round" stroke-linejoin="round" class="lucide lucide-circle-check text-primary"><circle cx="12" cy="12" r="10"></circle><path d="m9 12 2 2 4-4"></path></svg></div></div></div></div>